
> cuidasm@0.0.0 build
> tsc -b && vite build

src/pages/Cadastro.tsx(61,23): error TS2304: Cannot find name 'microArea'.
src/pages/Cadastro.tsx(110,43): error TS2304: Cannot find name 'microArea'.
src/pages/Cadastro.tsx(110,71): error TS2304: Cannot find name 'setMicroArea'.
